
 Starting FDS ...

 MPI Process      0 started on PC-SAMU

 Reading FDS input file ...

WARNING: Recommend using SPEC to define FUEL chemistry for REAC
WARNING: SPEC WOOD is not in the table of pre-defined species. See the Users Guide chapter on species for the treatment of any undefined properties.
WARNING: RAMP RSRVD PRESSURE PROFILE has T values with a spacing less than  [MAX(T)-MIN(T)]/NUMBER_INTERPOLATION_POINTS

 Fire Dynamics Simulator

 Current Date     : September 24, 2026  08:53:39
 Revision         : FDS-6.11.1-0-gff928db-release
 Revision Date    : Thu Jul 9 17:24:07 2026 -0400
 Compiler         : Intel(R) Fortran Compiler for applications running on Intel(R) 64, Version 2025.2.0 Build 20250605
 Compilation Date : Fri-07/10/2026-01:19-PM

 Number of MPI Processes:  1
 Number of OpenMP Threads: 12

 MPI version: 4.1
 MPI library version: Intel(R) MPI Library 2021.16 for Windows* OS

 Hypre library version: v3.0.0
 Sundials library version: v7.5.0

 Job TITLE        : V4 bake hot-start
 Job ID string    : v4_bake

 Time Step:       1, Simulation Time:   0.03287 s
 Time Step:       2, Simulation Time:   0.05188 s
 Time Step:       3, Simulation Time:   0.06539 s
 Time Step:       4, Simulation Time:   0.07538 s
 Time Step:       5, Simulation Time:   0.08350 s
 Time Step:       6, Simulation Time:   0.09048 s
 Time Step:       7, Simulation Time:   0.09746 s
 Time Step:       8, Simulation Time:   0.10365 s
 Time Step:       9, Simulation Time:   0.10983 s
 Time Step:      10, Simulation Time:   0.11602 s
 Time Step:      20, Simulation Time:   0.17692 s
 Time Step:      30, Simulation Time:   0.22493 s
 Time Step:      40, Simulation Time:   0.27184 s
 Time Step:      50, Simulation Time:   0.31827 s
 Time Step:      60, Simulation Time:   0.36028 s
 Time Step:      70, Simulation Time:   0.40229 s
 Time Step:      80, Simulation Time:   0.44556 s
 Time Step:      90, Simulation Time:   0.48704 s
 Time Step:     100, Simulation Time:   0.52643 s
 Time Step:     200, Simulation Time:   0.92200 s
 Time Step:     300, Simulation Time:   1.27150 s
 Time Step:     400, Simulation Time:   1.54417 s
 Time Step:     500, Simulation Time:   1.79876 s
 Time Step:     600, Simulation Time:   2.05430 s
 Time Step:     700, Simulation Time:   2.30668 s
 Time Step:     800, Simulation Time:   2.57987 s
 Time Step:     900, Simulation Time:   2.87088 s
 Time Step:    1000, Simulation Time:   3.14190 s
 Time Step:    1100, Simulation Time:   3.40862 s
 Time Step:    1200, Simulation Time:   3.69320 s
 Time Step:    1300, Simulation Time:   3.96376 s
 Time Step:    1400, Simulation Time:   4.22800 s
 Time Step:    1500, Simulation Time:   4.48855 s
 Time Step:    1600, Simulation Time:   4.75509 s
 Time Step:    1700, Simulation Time:   5.04353 s
 Time Step:    1800, Simulation Time:   5.32675 s
 Time Step:    1900, Simulation Time:   5.60302 s
 Time Step:    2000, Simulation Time:   5.87851 s
 Time Step:    2100, Simulation Time:   6.15649 s
 Time Step:    2200, Simulation Time:   6.43606 s
 Time Step:    2300, Simulation Time:   6.70181 s
 Time Step:    2400, Simulation Time:   6.97682 s
 Time Step:    2500, Simulation Time:   7.24077 s
 Time Step:    2600, Simulation Time:   7.51858 s
 Time Step:    2700, Simulation Time:   7.78762 s
 Time Step:    2800, Simulation Time:   8.06148 s
 Time Step:    2900, Simulation Time:   8.34417 s
 Time Step:    3000, Simulation Time:   8.62622 s
 Time Step:    3100, Simulation Time:   8.90501 s
 Time Step:    3200, Simulation Time:   9.17799 s
 Time Step:    3300, Simulation Time:   9.43885 s
 Time Step:    3400, Simulation Time:   9.71763 s
 Time Step:    3500, Simulation Time:   9.99135 s
 Time Step:    3600, Simulation Time:  10.27088 s
 Time Step:    3700, Simulation Time:  10.55821 s
 Time Step:    3800, Simulation Time:  10.85030 s
 Time Step:    3900, Simulation Time:  11.11570 s
 Time Step:    4000, Simulation Time:  11.38369 s
 Time Step:    4100, Simulation Time:  11.66513 s
 Time Step:    4200, Simulation Time:  11.94870 s
 Time Step:    4300, Simulation Time:  12.21928 s
 Time Step:    4400, Simulation Time:  12.49566 s
 Time Step:    4500, Simulation Time:  12.76091 s
 Time Step:    4600, Simulation Time:  13.03395 s
 Time Step:    4700, Simulation Time:  13.30650 s
 Time Step:    4800, Simulation Time:  13.57112 s
 Time Step:    4900, Simulation Time:  13.84477 s
 Time Step:    5000, Simulation Time:  14.12409 s
 Time Step:    5100, Simulation Time:  14.39401 s
 Time Step:    5200, Simulation Time:  14.66326 s
 Time Step:    5300, Simulation Time:  14.93536 s
 Time Step:    5400, Simulation Time:  15.21254 s
 Time Step:    5500, Simulation Time:  15.48020 s
 Time Step:    5600, Simulation Time:  15.75343 s
 Time Step:    5700, Simulation Time:  16.01820 s
 Time Step:    5800, Simulation Time:  16.29256 s
 Time Step:    5900, Simulation Time:  16.56850 s
 Time Step:    6000, Simulation Time:  16.82629 s
 Time Step:    6100, Simulation Time:  17.09348 s
 Time Step:    6200, Simulation Time:  17.37160 s
 Time Step:    6300, Simulation Time:  17.64460 s
 Time Step:    6400, Simulation Time:  17.91793 s
 Time Step:    6500, Simulation Time:  18.19499 s
 Time Step:    6600, Simulation Time:  18.46497 s
 Time Step:    6700, Simulation Time:  18.73184 s
 Time Step:    6800, Simulation Time:  19.00828 s
 Time Step:    6900, Simulation Time:  19.27900 s
 Time Step:    7000, Simulation Time:  19.55105 s
 Time Step:    7100, Simulation Time:  19.82991 s
 Time Step:    7200, Simulation Time:  20.10397 s
 Time Step:    7300, Simulation Time:  20.37884 s
 Time Step:    7400, Simulation Time:  20.65899 s
 Time Step:    7500, Simulation Time:  20.94672 s
 Time Step:    7600, Simulation Time:  21.22907 s
 Time Step:    7700, Simulation Time:  21.49701 s
 Time Step:    7800, Simulation Time:  21.76545 s
 Time Step:    7900, Simulation Time:  22.04059 s
 Time Step:    8000, Simulation Time:  22.31296 s
 Time Step:    8100, Simulation Time:  22.58989 s
 Time Step:    8200, Simulation Time:  22.86927 s
 Time Step:    8300, Simulation Time:  23.13906 s
 Time Step:    8400, Simulation Time:  23.40673 s
 Time Step:    8500, Simulation Time:  23.68559 s
 Time Step:    8600, Simulation Time:  23.96569 s
 Time Step:    8700, Simulation Time:  24.25544 s
 Time Step:    8800, Simulation Time:  24.53820 s
 Time Step:    8900, Simulation Time:  24.82767 s
 Time Step:    9000, Simulation Time:  25.09415 s
 Time Step:    9100, Simulation Time:  25.37104 s
 Time Step:    9200, Simulation Time:  25.64963 s
 Time Step:    9300, Simulation Time:  25.91258 s
 Time Step:    9400, Simulation Time:  26.18449 s
 Time Step:    9500, Simulation Time:  26.44510 s
 Time Step:    9600, Simulation Time:  26.71644 s
 Time Step:    9700, Simulation Time:  26.99577 s
 Time Step:    9800, Simulation Time:  27.26038 s
 Time Step:    9900, Simulation Time:  27.53885 s
 Time Step:   10000, Simulation Time:  27.80604 s
 Time Step:   10100, Simulation Time:  28.07583 s
 Time Step:   10200, Simulation Time:  28.34638 s
 Time Step:   10300, Simulation Time:  28.62760 s
 Time Step:   10400, Simulation Time:  28.91183 s
 Time Step:   10500, Simulation Time:  29.18721 s
 Time Step:   10600, Simulation Time:  29.47470 s
 Time Step:   10700, Simulation Time:  29.75037 s
 Time Step:   10800, Simulation Time:  30.02272 s
 Time Step:   10900, Simulation Time:  30.29691 s
 Time Step:   11000, Simulation Time:  30.58309 s
 Time Step:   11100, Simulation Time:  30.86028 s
 Time Step:   11200, Simulation Time:  31.13645 s
 Time Step:   11300, Simulation Time:  31.40532 s
 Time Step:   11400, Simulation Time:  31.68019 s
 Time Step:   11500, Simulation Time:  31.96226 s
 Time Step:   11600, Simulation Time:  32.24005 s
 Time Step:   11700, Simulation Time:  32.50633 s
 Time Step:   11800, Simulation Time:  32.78197 s
 Time Step:   11900, Simulation Time:  33.05652 s
 Time Step:   12000, Simulation Time:  33.32653 s
 Time Step:   12100, Simulation Time:  33.60326 s
 Time Step:   12200, Simulation Time:  33.87398 s
 Time Step:   12300, Simulation Time:  34.13668 s
 Time Step:   12400, Simulation Time:  34.39563 s
 Time Step:   12500, Simulation Time:  34.67269 s
 Time Step:   12600, Simulation Time:  34.94749 s
 Time Step:   12700, Simulation Time:  35.23347 s
 Time Step:   12800, Simulation Time:  35.52864 s
 Time Step:   12900, Simulation Time:  35.81126 s
 Time Step:   13000, Simulation Time:  36.08281 s
 Time Step:   13100, Simulation Time:  36.35809 s
 Time Step:   13200, Simulation Time:  36.62778 s
 Time Step:   13300, Simulation Time:  36.90964 s
 Time Step:   13400, Simulation Time:  37.19291 s
 Time Step:   13500, Simulation Time:  37.46659 s
 Time Step:   13600, Simulation Time:  37.73997 s
 Time Step:   13700, Simulation Time:  38.00881 s
 Time Step:   13800, Simulation Time:  38.28617 s
 Time Step:   13900, Simulation Time:  38.55507 s
 Time Step:   14000, Simulation Time:  38.83795 s
 Time Step:   14100, Simulation Time:  39.10789 s
 Time Step:   14200, Simulation Time:  39.36981 s
 Time Step:   14300, Simulation Time:  39.63150 s
 Time Step:   14400, Simulation Time:  39.89979 s
 Time Step:   14500, Simulation Time:  40.17562 s
 Time Step:   14600, Simulation Time:  40.45153 s
 Time Step:   14700, Simulation Time:  40.73363 s
 Time Step:   14800, Simulation Time:  41.00487 s
 Time Step:   14900, Simulation Time:  41.27698 s
 Time Step:   15000, Simulation Time:  41.54924 s
 Time Step:   15100, Simulation Time:  41.81456 s
 Time Step:   15200, Simulation Time:  42.09638 s
 Time Step:   15300, Simulation Time:  42.36947 s
 Time Step:   15400, Simulation Time:  42.64406 s
 Time Step:   15500, Simulation Time:  42.91102 s
 Time Step:   15600, Simulation Time:  43.19270 s
 Time Step:   15700, Simulation Time:  43.46167 s
 Time Step:   15800, Simulation Time:  43.73254 s
 Time Step:   15900, Simulation Time:  44.00673 s
 Time Step:   16000, Simulation Time:  44.27467 s
 Time Step:   16100, Simulation Time:  44.53703 s
 Time Step:   16200, Simulation Time:  44.80486 s
 Time Step:   16300, Simulation Time:  45.07741 s
 Time Step:   16400, Simulation Time:  45.34372 s
 Time Step:   16500, Simulation Time:  45.61235 s
 Time Step:   16600, Simulation Time:  45.87826 s
 Time Step:   16700, Simulation Time:  46.14568 s
 Time Step:   16800, Simulation Time:  46.42162 s
 Time Step:   16900, Simulation Time:  46.70398 s
 Time Step:   17000, Simulation Time:  46.99181 s
 Time Step:   17100, Simulation Time:  47.26825 s
 Time Step:   17200, Simulation Time:  47.53313 s
 Time Step:   17300, Simulation Time:  47.82274 s
 Time Step:   17400, Simulation Time:  48.09197 s
 Time Step:   17500, Simulation Time:  48.36879 s
 Time Step:   17600, Simulation Time:  48.63425 s
 Time Step:   17700, Simulation Time:  48.89936 s
 Time Step:   17800, Simulation Time:  49.16989 s
 Time Step:   17900, Simulation Time:  49.44342 s
 Time Step:   18000, Simulation Time:  49.71841 s
 Time Step:   18100, Simulation Time:  49.97819 s
 Time Step:   18200, Simulation Time:  50.25110 s
 Time Step:   18300, Simulation Time:  50.53264 s
 Time Step:   18400, Simulation Time:  50.80114 s
 Time Step:   18500, Simulation Time:  51.07557 s
 Time Step:   18600, Simulation Time:  51.33195 s
 Time Step:   18700, Simulation Time:  51.60056 s
 Time Step:   18800, Simulation Time:  51.87464 s
 Time Step:   18900, Simulation Time:  52.14372 s
 Time Step:   19000, Simulation Time:  52.41366 s
 Time Step:   19100, Simulation Time:  52.68649 s
 Time Step:   19200, Simulation Time:  52.95786 s
 Time Step:   19300, Simulation Time:  53.23309 s
 Time Step:   19400, Simulation Time:  53.52152 s
 Time Step:   19500, Simulation Time:  53.80982 s
 Time Step:   19600, Simulation Time:  54.08550 s
 Time Step:   19700, Simulation Time:  54.35540 s
 Time Step:   19800, Simulation Time:  54.61908 s
 Time Step:   19900, Simulation Time:  54.88547 s
 Time Step:   20000, Simulation Time:  55.15326 s
 Time Step:   20100, Simulation Time:  55.42923 s
 Time Step:   20200, Simulation Time:  55.69272 s
 Time Step:   20300, Simulation Time:  55.95793 s
 Time Step:   20400, Simulation Time:  56.22754 s
 Time Step:   20500, Simulation Time:  56.50559 s
 Time Step:   20600, Simulation Time:  56.77597 s
 Time Step:   20700, Simulation Time:  57.05239 s
 Time Step:   20800, Simulation Time:  57.32319 s
 Time Step:   20900, Simulation Time:  57.59325 s
 Time Step:   21000, Simulation Time:  57.85956 s
 Time Step:   21100, Simulation Time:  58.13450 s
 Time Step:   21200, Simulation Time:  58.41741 s
 Time Step:   21300, Simulation Time:  58.68506 s
 Time Step:   21400, Simulation Time:  58.96176 s
 Time Step:   21500, Simulation Time:  59.23954 s
 Time Step:   21600, Simulation Time:  59.51224 s
 Time Step:   21700, Simulation Time:  59.77472 s
 Time Step:   21800, Simulation Time:  60.04206 s
 Time Step:   21900, Simulation Time:  60.31647 s
 Time Step:   22000, Simulation Time:  60.59572 s
 Time Step:   22100, Simulation Time:  60.86547 s
 Time Step:   22200, Simulation Time:  61.13819 s
 Time Step:   22300, Simulation Time:  61.40338 s
 Time Step:   22400, Simulation Time:  61.66758 s
 Time Step:   22500, Simulation Time:  61.94087 s
 Time Step:   22600, Simulation Time:  62.21270 s
 Time Step:   22700, Simulation Time:  62.48251 s
 Time Step:   22800, Simulation Time:  62.75159 s
 Time Step:   22900, Simulation Time:  63.02835 s
 Time Step:   23000, Simulation Time:  63.30884 s
 Time Step:   23100, Simulation Time:  63.58072 s
 Time Step:   23200, Simulation Time:  63.85170 s
 Time Step:   23300, Simulation Time:  64.12271 s
 Time Step:   23400, Simulation Time:  64.39635 s
 Time Step:   23500, Simulation Time:  64.66712 s
 Time Step:   23600, Simulation Time:  64.95119 s
 Time Step:   23700, Simulation Time:  65.22937 s
 Time Step:   23800, Simulation Time:  65.51336 s
 Time Step:   23900, Simulation Time:  65.79023 s
 Time Step:   24000, Simulation Time:  66.07365 s
 Time Step:   24100, Simulation Time:  66.35592 s
 Time Step:   24200, Simulation Time:  66.63638 s
 Time Step:   24300, Simulation Time:  66.92045 s
 Time Step:   24400, Simulation Time:  67.19189 s
 Time Step:   24500, Simulation Time:  67.45935 s
 Time Step:   24600, Simulation Time:  67.73831 s
 Time Step:   24700, Simulation Time:  68.01317 s
 Time Step:   24800, Simulation Time:  68.28805 s
 Time Step:   24900, Simulation Time:  68.56198 s
 Time Step:   25000, Simulation Time:  68.84200 s
 Time Step:   25100, Simulation Time:  69.11706 s
 Time Step:   25200, Simulation Time:  69.39770 s
 Time Step:   25300, Simulation Time:  69.67163 s
 Time Step:   25400, Simulation Time:  69.95124 s
 Time Step:   25500, Simulation Time:  70.22220 s
 Time Step:   25600, Simulation Time:  70.49551 s
 Time Step:   25700, Simulation Time:  70.76782 s
 Time Step:   25800, Simulation Time:  71.02255 s
 Time Step:   25900, Simulation Time:  71.28156 s
 Time Step:   26000, Simulation Time:  71.54387 s
 Time Step:   26100, Simulation Time:  71.80700 s
 Time Step:   26200, Simulation Time:  72.07154 s
 Time Step:   26300, Simulation Time:  72.33634 s
 Time Step:   26400, Simulation Time:  72.60721 s
 Time Step:   26500, Simulation Time:  72.86790 s
 Time Step:   26600, Simulation Time:  73.15547 s
 Time Step:   26700, Simulation Time:  73.43338 s
 Time Step:   26800, Simulation Time:  73.70734 s
 Time Step:   26900, Simulation Time:  73.98403 s
 Time Step:   27000, Simulation Time:  74.27386 s
 Time Step:   27100, Simulation Time:  74.55502 s
 Time Step:   27200, Simulation Time:  74.83451 s
 Time Step:   27300, Simulation Time:  75.09362 s
 Time Step:   27400, Simulation Time:  75.35216 s
 Time Step:   27500, Simulation Time:  75.61890 s
 Time Step:   27600, Simulation Time:  75.88454 s
 Time Step:   27700, Simulation Time:  76.14773 s
 Time Step:   27800, Simulation Time:  76.42244 s
 Time Step:   27900, Simulation Time:  76.69406 s
 Time Step:   28000, Simulation Time:  76.97379 s
 Time Step:   28100, Simulation Time:  77.24998 s
 Time Step:   28200, Simulation Time:  77.53007 s
 Time Step:   28300, Simulation Time:  77.79873 s
 Time Step:   28400, Simulation Time:  78.07272 s
 Time Step:   28500, Simulation Time:  78.35394 s
 Time Step:   28600, Simulation Time:  78.62839 s
 Time Step:   28700, Simulation Time:  78.90603 s
 Time Step:   28800, Simulation Time:  79.18225 s
 Time Step:   28900, Simulation Time:  79.45135 s
 Time Step:   29000, Simulation Time:  79.71254 s
 Time Step:   29100, Simulation Time:  79.97906 s
 Time Step:   29200, Simulation Time:  80.24421 s
 Time Step:   29300, Simulation Time:  80.51182 s
 Time Step:   29400, Simulation Time:  80.77538 s
 Time Step:   29500, Simulation Time:  81.04001 s
 Time Step:   29600, Simulation Time:  81.31821 s
 Time Step:   29700, Simulation Time:  81.59569 s
 Time Step:   29800, Simulation Time:  81.87424 s
 Time Step:   29900, Simulation Time:  82.14479 s
 Time Step:   30000, Simulation Time:  82.41795 s
 Time Step:   30100, Simulation Time:  82.68753 s
 Time Step:   30200, Simulation Time:  82.95782 s
 Time Step:   30300, Simulation Time:  83.22683 s
 Time Step:   30400, Simulation Time:  83.50419 s
 Time Step:   30500, Simulation Time:  83.77168 s
 Time Step:   30600, Simulation Time:  84.04719 s
 Time Step:   30700, Simulation Time:  84.32825 s
 Time Step:   30800, Simulation Time:  84.60217 s
 Time Step:   30900, Simulation Time:  84.89964 s
 Time Step:   31000, Simulation Time:  85.16911 s
 Time Step:   31100, Simulation Time:  85.43633 s
 Time Step:   31200, Simulation Time:  85.70398 s
 Time Step:   31300, Simulation Time:  85.97244 s
 Time Step:   31400, Simulation Time:  86.24167 s
 Time Step:   31500, Simulation Time:  86.52054 s
 Time Step:   31600, Simulation Time:  86.78737 s
 Time Step:   31700, Simulation Time:  87.05510 s
 Time Step:   31800, Simulation Time:  87.31826 s
 Time Step:   31900, Simulation Time:  87.58465 s
 Time Step:   32000, Simulation Time:  87.85057 s
 Time Step:   32100, Simulation Time:  88.11876 s
 Time Step:   32200, Simulation Time:  88.38000 s
 Time Step:   32300, Simulation Time:  88.65604 s
 Time Step:   32400, Simulation Time:  88.92555 s
 Time Step:   32500, Simulation Time:  89.19068 s
 Time Step:   32600, Simulation Time:  89.45568 s
 Time Step:   32700, Simulation Time:  89.72320 s
 Time Step:   32800, Simulation Time:  89.99388 s
 Time Step:   32900, Simulation Time:  90.27423 s
 Time Step:   33000, Simulation Time:  90.55221 s
 Time Step:   33100, Simulation Time:  90.81829 s
 Time Step:   33200, Simulation Time:  91.08048 s
 Time Step:   33300, Simulation Time:  91.34683 s
 Time Step:   33400, Simulation Time:  91.61341 s
 Time Step:   33500, Simulation Time:  91.89050 s
 Time Step:   33600, Simulation Time:  92.15777 s
 Time Step:   33700, Simulation Time:  92.42414 s
 Time Step:   33800, Simulation Time:  92.70953 s
 Time Step:   33900, Simulation Time:  92.98595 s
 Time Step:   34000, Simulation Time:  93.24909 s
 Time Step:   34100, Simulation Time:  93.53864 s
 Time Step:   34200, Simulation Time:  93.80865 s
 Time Step:   34300, Simulation Time:  94.07975 s
 Time Step:   34400, Simulation Time:  94.34835 s
 Time Step:   34500, Simulation Time:  94.61095 s
 Time Step:   34600, Simulation Time:  94.88583 s
 Time Step:   34700, Simulation Time:  95.15787 s
 Time Step:   34800, Simulation Time:  95.42535 s
 Time Step:   34900, Simulation Time:  95.69670 s
 Time Step:   35000, Simulation Time:  95.95841 s
 Time Step:   35100, Simulation Time:  96.23275 s
 Time Step:   35200, Simulation Time:  96.50874 s
 Time Step:   35300, Simulation Time:  96.78652 s
 Time Step:   35400, Simulation Time:  97.05531 s
 Time Step:   35500, Simulation Time:  97.32452 s
 Time Step:   35600, Simulation Time:  97.60695 s
 Time Step:   35700, Simulation Time:  97.87883 s
 Time Step:   35800, Simulation Time:  98.14414 s
 Time Step:   35900, Simulation Time:  98.41498 s
 Time Step:   36000, Simulation Time:  98.67599 s
 Time Step:   36100, Simulation Time:  98.93896 s
 Time Step:   36200, Simulation Time:  99.20785 s
 Time Step:   36300, Simulation Time:  99.48409 s
 Time Step:   36400, Simulation Time:  99.76026 s
 Time Step:   36500, Simulation Time: 100.03521 s
 Time Step:   36600, Simulation Time: 100.30833 s
 Time Step:   36700, Simulation Time: 100.57981 s
 Time Step:   36800, Simulation Time: 100.85245 s
 Time Step:   36900, Simulation Time: 101.13518 s
 Time Step:   37000, Simulation Time: 101.41103 s
 Time Step:   37100, Simulation Time: 101.68040 s
 Time Step:   37200, Simulation Time: 101.94428 s
 Time Step:   37300, Simulation Time: 102.20940 s
 Time Step:   37400, Simulation Time: 102.47292 s
 Time Step:   37500, Simulation Time: 102.74184 s
 Time Step:   37600, Simulation Time: 103.02196 s
 Time Step:   37700, Simulation Time: 103.28491 s
 Time Step:   37800, Simulation Time: 103.55229 s
 Time Step:   37900, Simulation Time: 103.83140 s
 Time Step:   38000, Simulation Time: 104.11325 s
 Time Step:   38100, Simulation Time: 104.37908 s
 Time Step:   38200, Simulation Time: 104.64247 s
 Time Step:   38300, Simulation Time: 104.91150 s
 Time Step:   38400, Simulation Time: 105.19058 s
 Time Step:   38500, Simulation Time: 105.46229 s
 Time Step:   38600, Simulation Time: 105.73865 s
 Time Step:   38700, Simulation Time: 106.01161 s
 Time Step:   38800, Simulation Time: 106.29268 s
 Time Step:   38900, Simulation Time: 106.56466 s
 Time Step:   39000, Simulation Time: 106.83828 s
 Time Step:   39100, Simulation Time: 107.09232 s
 Time Step:   39200, Simulation Time: 107.36666 s
 Time Step:   39300, Simulation Time: 107.63415 s
 Time Step:   39400, Simulation Time: 107.90605 s
 Time Step:   39500, Simulation Time: 108.17516 s
 Time Step:   39600, Simulation Time: 108.44481 s
 Time Step:   39700, Simulation Time: 108.71333 s
 Time Step:   39800, Simulation Time: 108.98814 s
 Time Step:   39900, Simulation Time: 109.25675 s
 Time Step:   40000, Simulation Time: 109.52584 s
 Time Step:   40100, Simulation Time: 109.79599 s
 Time Step:   40200, Simulation Time: 110.06262 s
 Time Step:   40300, Simulation Time: 110.33859 s
 Time Step:   40400, Simulation Time: 110.62881 s
 Time Step:   40500, Simulation Time: 110.91735 s
 Time Step:   40600, Simulation Time: 111.19746 s
 Time Step:   40700, Simulation Time: 111.48286 s
 Time Step:   40800, Simulation Time: 111.75270 s
 Time Step:   40900, Simulation Time: 112.03091 s
 Time Step:   41000, Simulation Time: 112.30664 s
 Time Step:   41100, Simulation Time: 112.58687 s
 Time Step:   41200, Simulation Time: 112.87632 s
 Time Step:   41300, Simulation Time: 113.14580 s
 Time Step:   41400, Simulation Time: 113.42215 s
 Time Step:   41500, Simulation Time: 113.68124 s
 Time Step:   41600, Simulation Time: 113.94828 s
 Time Step:   41700, Simulation Time: 114.22306 s
 Time Step:   41800, Simulation Time: 114.50543 s
 Time Step:   41900, Simulation Time: 114.78781 s
 Time Step:   42000, Simulation Time: 115.06112 s
 Time Step:   42100, Simulation Time: 115.33572 s
 Time Step:   42200, Simulation Time: 115.60044 s
 Time Step:   42300, Simulation Time: 115.87935 s
 Time Step:   42400, Simulation Time: 116.15551 s
 Time Step:   42500, Simulation Time: 116.42356 s
 Time Step:   42600, Simulation Time: 116.69367 s
 Time Step:   42700, Simulation Time: 116.96268 s
 Time Step:   42800, Simulation Time: 117.23368 s
 Time Step:   42900, Simulation Time: 117.50490 s
 Time Step:   43000, Simulation Time: 117.76943 s
 Time Step:   43100, Simulation Time: 118.03451 s
 Time Step:   43200, Simulation Time: 118.30696 s
 Time Step:   43300, Simulation Time: 118.57658 s
 Time Step:   43400, Simulation Time: 118.84788 s
 Time Step:   43500, Simulation Time: 119.11003 s
 Time Step:   43600, Simulation Time: 119.37301 s
 Time Step:   43700, Simulation Time: 119.64820 s
 Time Step:   43800, Simulation Time: 119.92825 s
 Time Step:   43826, Simulation Time: 120.00000 s

STOP: FDS completed successfully (CHID: v4_bake)
