
 Starting FDS ...

 MPI Process      0 started on PC-SAMU

 Reading FDS input file ...

WARNING: Recommend using SPEC to define FUEL chemistry for REAC
WARNING: SPEC WOOD is not in the table of pre-defined species. See the Users Guide chapter on species for the treatment of any undefined properties.
WARNING: RAMP RSRVD PRESSURE PROFILE has T values with a spacing less than  [MAX(T)-MIN(T)]/NUMBER_INTERPOLATION_POINTS

 Fire Dynamics Simulator

 Current Date     : September 22, 2026  14:05:17
 Revision         : FDS-6.11.1-0-gff928db-release
 Revision Date    : Thu Jul 9 17:24:07 2026 -0400
 Compiler         : Intel(R) Fortran Compiler for applications running on Intel(R) 64, Version 2025.2.0 Build 20250605
 Compilation Date : Fri-07/10/2026-01:19-PM

 Number of MPI Processes:  1
 Number of OpenMP Threads: 8

 MPI version: 4.1
 MPI library version: Intel(R) MPI Library 2021.16 for Windows* OS

 Hypre library version: v3.0.0
 Sundials library version: v7.5.0

 Job TITLE        : V4 empty oven preheat
 Job ID string    : v4_preheat

 Time Step:       1, Simulation Time:   0.03287 s
 Time Step:       2, Simulation Time:   0.06573 s
 Time Step:       3, Simulation Time:   0.09860 s
 Time Step:       4, Simulation Time:   0.13147 s
 Time Step:       5, Simulation Time:   0.16433 s
 Time Step:       6, Simulation Time:   0.19720 s
 Time Step:       7, Simulation Time:   0.23007 s
 Time Step:       8, Simulation Time:   0.26293 s
 Time Step:       9, Simulation Time:   0.29580 s
 Time Step:      10, Simulation Time:   0.32867 s
 Time Step:      20, Simulation Time:   0.65733 s
 Time Step:      30, Simulation Time:   0.98600 s
 Time Step:      40, Simulation Time:   1.31466 s
 Time Step:      50, Simulation Time:   1.62858 s
 Time Step:      60, Simulation Time:   1.83787 s
 Time Step:      70, Simulation Time:   2.01089 s
 Time Step:      80, Simulation Time:   2.19429 s
 Time Step:      90, Simulation Time:   2.36850 s
 Time Step:     100, Simulation Time:   2.53712 s
 Time Step:     200, Simulation Time:   4.22080 s
 Time Step:     300, Simulation Time:   5.61125 s
 Time Step:     400, Simulation Time:   6.87341 s
 Time Step:     500, Simulation Time:   7.95729 s
 Time Step:     600, Simulation Time:   8.94708 s
 Time Step:     700, Simulation Time:   9.82384 s
 Time Step:     800, Simulation Time:  10.58710 s
 Time Step:     900, Simulation Time:  11.31924 s
 Time Step:    1000, Simulation Time:  12.05937 s
 Time Step:    1100, Simulation Time:  12.77105 s
 Time Step:    1200, Simulation Time:  13.44535 s
 Time Step:    1300, Simulation Time:  14.09657 s
 Time Step:    1400, Simulation Time:  14.74486 s
 Time Step:    1500, Simulation Time:  15.36707 s
 Time Step:    1600, Simulation Time:  15.97494 s
 Time Step:    1700, Simulation Time:  16.57057 s
 Time Step:    1800, Simulation Time:  17.16003 s
 Time Step:    1900, Simulation Time:  17.74324 s
 Time Step:    2000, Simulation Time:  18.31979 s
 Time Step:    2100, Simulation Time:  18.87063 s
 Time Step:    2200, Simulation Time:  19.42387 s
 Time Step:    2300, Simulation Time:  19.96733 s
 Time Step:    2400, Simulation Time:  20.49973 s
 Time Step:    2500, Simulation Time:  21.02884 s
 Time Step:    2600, Simulation Time:  21.55133 s
 Time Step:    2700, Simulation Time:  22.07483 s
 Time Step:    2800, Simulation Time:  22.60436 s
 Time Step:    2900, Simulation Time:  23.12562 s
 Time Step:    3000, Simulation Time:  23.64941 s
 Time Step:    3100, Simulation Time:  24.14504 s
 Time Step:    3200, Simulation Time:  24.64208 s
 Time Step:    3300, Simulation Time:  25.13867 s
 Time Step:    3400, Simulation Time:  25.61046 s
 Time Step:    3500, Simulation Time:  26.09747 s
 Time Step:    3600, Simulation Time:  26.58773 s
 Time Step:    3700, Simulation Time:  27.06848 s
 Time Step:    3800, Simulation Time:  27.54115 s
 Time Step:    3900, Simulation Time:  27.99880 s
 Time Step:    4000, Simulation Time:  28.45381 s
 Time Step:    4100, Simulation Time:  28.91507 s
 Time Step:    4200, Simulation Time:  29.36847 s
 Time Step:    4300, Simulation Time:  29.83232 s
 Time Step:    4400, Simulation Time:  30.27978 s
 Time Step:    4500, Simulation Time:  30.74789 s
 Time Step:    4600, Simulation Time:  31.19886 s
 Time Step:    4700, Simulation Time:  31.63880 s
 Time Step:    4800, Simulation Time:  32.09641 s
 Time Step:    4900, Simulation Time:  32.51929 s
 Time Step:    5000, Simulation Time:  32.93222 s
 Time Step:    5100, Simulation Time:  33.37472 s
 Time Step:    5200, Simulation Time:  33.80898 s
 Time Step:    5300, Simulation Time:  34.25992 s
 Time Step:    5400, Simulation Time:  34.68374 s
 Time Step:    5500, Simulation Time:  35.10633 s
 Time Step:    5600, Simulation Time:  35.52654 s
 Time Step:    5700, Simulation Time:  35.95862 s
 Time Step:    5800, Simulation Time:  36.41895 s
 Time Step:    5900, Simulation Time:  36.88565 s
 Time Step:    6000, Simulation Time:  37.31973 s
 Time Step:    6100, Simulation Time:  37.75469 s
 Time Step:    6200, Simulation Time:  38.16898 s
 Time Step:    6300, Simulation Time:  38.57066 s
 Time Step:    6400, Simulation Time:  38.97228 s
 Time Step:    6500, Simulation Time:  39.37254 s
 Time Step:    6600, Simulation Time:  39.77982 s
 Time Step:    6700, Simulation Time:  40.18270 s
 Time Step:    6800, Simulation Time:  40.55623 s
 Time Step:    6900, Simulation Time:  40.93769 s
 Time Step:    7000, Simulation Time:  41.32542 s
 Time Step:    7100, Simulation Time:  41.72061 s
 Time Step:    7200, Simulation Time:  42.11732 s
 Time Step:    7300, Simulation Time:  42.50371 s
 Time Step:    7400, Simulation Time:  42.88694 s
 Time Step:    7500, Simulation Time:  43.25962 s
 Time Step:    7600, Simulation Time:  43.62485 s
 Time Step:    7700, Simulation Time:  43.99688 s
 Time Step:    7800, Simulation Time:  44.36301 s
 Time Step:    7900, Simulation Time:  44.74520 s
 Time Step:    8000, Simulation Time:  45.12654 s
 Time Step:    8100, Simulation Time:  45.48943 s
 Time Step:    8200, Simulation Time:  45.84839 s
 Time Step:    8300, Simulation Time:  46.20578 s
 Time Step:    8400, Simulation Time:  46.56914 s
 Time Step:    8500, Simulation Time:  46.94008 s
 Time Step:    8600, Simulation Time:  47.31024 s
 Time Step:    8700, Simulation Time:  47.66972 s
 Time Step:    8800, Simulation Time:  48.03320 s
 Time Step:    8900, Simulation Time:  48.38993 s
 Time Step:    9000, Simulation Time:  48.73701 s
 Time Step:    9100, Simulation Time:  49.08507 s
 Time Step:    9200, Simulation Time:  49.42931 s
 Time Step:    9300, Simulation Time:  49.77812 s
 Time Step:    9400, Simulation Time:  50.12154 s
 Time Step:    9500, Simulation Time:  50.48092 s
 Time Step:    9600, Simulation Time:  50.84407 s
 Time Step:    9700, Simulation Time:  51.19790 s
 Time Step:    9800, Simulation Time:  51.54552 s
 Time Step:    9900, Simulation Time:  51.89542 s
 Time Step:   10000, Simulation Time:  52.23959 s
 Time Step:   10100, Simulation Time:  52.58285 s
 Time Step:   10200, Simulation Time:  52.93841 s
 Time Step:   10300, Simulation Time:  53.30053 s
 Time Step:   10400, Simulation Time:  53.62956 s
 Time Step:   10500, Simulation Time:  53.96131 s
 Time Step:   10600, Simulation Time:  54.29875 s
 Time Step:   10700, Simulation Time:  54.63120 s
 Time Step:   10800, Simulation Time:  54.95733 s
 Time Step:   10900, Simulation Time:  55.29340 s
 Time Step:   11000, Simulation Time:  55.62559 s
 Time Step:   11100, Simulation Time:  55.96702 s
 Time Step:   11200, Simulation Time:  56.29921 s
 Time Step:   11300, Simulation Time:  56.63958 s
 Time Step:   11400, Simulation Time:  56.96210 s
 Time Step:   11500, Simulation Time:  57.28013 s
 Time Step:   11600, Simulation Time:  57.60433 s
 Time Step:   11700, Simulation Time:  57.93481 s
 Time Step:   11800, Simulation Time:  58.25160 s
 Time Step:   11900, Simulation Time:  58.58230 s
 Time Step:   12000, Simulation Time:  58.89538 s
 Time Step:   12100, Simulation Time:  59.20821 s
 Time Step:   12200, Simulation Time:  59.53690 s
 Time Step:   12300, Simulation Time:  59.85645 s
 Time Step:   12400, Simulation Time:  60.17132 s
 Time Step:   12500, Simulation Time:  60.48881 s
 Time Step:   12600, Simulation Time:  60.80815 s
 Time Step:   12700, Simulation Time:  61.12351 s
 Time Step:   12800, Simulation Time:  61.44176 s
 Time Step:   12900, Simulation Time:  61.75881 s
 Time Step:   13000, Simulation Time:  62.06928 s
 Time Step:   13100, Simulation Time:  62.38467 s
 Time Step:   13200, Simulation Time:  62.69603 s
 Time Step:   13300, Simulation Time:  63.00795 s
 Time Step:   13400, Simulation Time:  63.31688 s
 Time Step:   13500, Simulation Time:  63.63455 s
 Time Step:   13600, Simulation Time:  63.96662 s
 Time Step:   13700, Simulation Time:  64.28863 s
 Time Step:   13800, Simulation Time:  64.60333 s
 Time Step:   13900, Simulation Time:  64.93181 s
 Time Step:   14000, Simulation Time:  65.25754 s
 Time Step:   14100, Simulation Time:  65.56804 s
 Time Step:   14200, Simulation Time:  65.88028 s
 Time Step:   14300, Simulation Time:  66.20451 s
 Time Step:   14400, Simulation Time:  66.52483 s
 Time Step:   14500, Simulation Time:  66.83907 s
 Time Step:   14600, Simulation Time:  67.15849 s
 Time Step:   14700, Simulation Time:  67.46813 s
 Time Step:   14800, Simulation Time:  67.78662 s
 Time Step:   14900, Simulation Time:  68.09557 s
 Time Step:   15000, Simulation Time:  68.41170 s
 Time Step:   15100, Simulation Time:  68.73138 s
 Time Step:   15200, Simulation Time:  69.05315 s
 Time Step:   15300, Simulation Time:  69.37934 s
 Time Step:   15400, Simulation Time:  69.70142 s
 Time Step:   15500, Simulation Time:  70.02408 s
 Time Step:   15600, Simulation Time:  70.34784 s
 Time Step:   15700, Simulation Time:  70.66261 s
 Time Step:   15800, Simulation Time:  70.97587 s
 Time Step:   15900, Simulation Time:  71.28447 s
 Time Step:   16000, Simulation Time:  71.60217 s
 Time Step:   16100, Simulation Time:  71.91182 s
 Time Step:   16200, Simulation Time:  72.21514 s
 Time Step:   16300, Simulation Time:  72.53123 s
 Time Step:   16400, Simulation Time:  72.85539 s
 Time Step:   16500, Simulation Time:  73.17718 s
 Time Step:   16600, Simulation Time:  73.49571 s
 Time Step:   16700, Simulation Time:  73.80087 s
 Time Step:   16800, Simulation Time:  74.11206 s
 Time Step:   16900, Simulation Time:  74.42905 s
 Time Step:   17000, Simulation Time:  74.73512 s
 Time Step:   17100, Simulation Time:  75.04835 s
 Time Step:   17200, Simulation Time:  75.36654 s
 Time Step:   17300, Simulation Time:  75.68718 s
 Time Step:   17400, Simulation Time:  76.00521 s
 Time Step:   17500, Simulation Time:  76.32396 s
 Time Step:   17600, Simulation Time:  76.63861 s
 Time Step:   17700, Simulation Time:  76.96547 s
 Time Step:   17800, Simulation Time:  77.28865 s
 Time Step:   17900, Simulation Time:  77.60562 s
 Time Step:   18000, Simulation Time:  77.93354 s
 Time Step:   18100, Simulation Time:  78.24950 s
 Time Step:   18200, Simulation Time:  78.57754 s
 Time Step:   18300, Simulation Time:  78.90141 s
 Time Step:   18400, Simulation Time:  79.21716 s
 Time Step:   18500, Simulation Time:  79.52430 s
 Time Step:   18600, Simulation Time:  79.83499 s
 Time Step:   18700, Simulation Time:  80.14278 s
 Time Step:   18800, Simulation Time:  80.46038 s
 Time Step:   18900, Simulation Time:  80.77698 s
 Time Step:   19000, Simulation Time:  81.10575 s
 Time Step:   19100, Simulation Time:  81.42004 s
 Time Step:   19200, Simulation Time:  81.72408 s
 Time Step:   19300, Simulation Time:  82.04089 s
 Time Step:   19400, Simulation Time:  82.35567 s
 Time Step:   19500, Simulation Time:  82.67707 s
 Time Step:   19600, Simulation Time:  82.99953 s
 Time Step:   19700, Simulation Time:  83.31458 s
 Time Step:   19800, Simulation Time:  83.61807 s
 Time Step:   19900, Simulation Time:  83.95380 s
 Time Step:   20000, Simulation Time:  84.27296 s
 Time Step:   20100, Simulation Time:  84.59663 s
 Time Step:   20200, Simulation Time:  84.90760 s
 Time Step:   20300, Simulation Time:  85.22765 s
 Time Step:   20400, Simulation Time:  85.55486 s
 Time Step:   20500, Simulation Time:  85.88190 s
 Time Step:   20600, Simulation Time:  86.20247 s
 Time Step:   20700, Simulation Time:  86.54466 s
 Time Step:   20800, Simulation Time:  86.87114 s
 Time Step:   20900, Simulation Time:  87.20988 s
 Time Step:   21000, Simulation Time:  87.53182 s
 Time Step:   21100, Simulation Time:  87.86604 s
 Time Step:   21200, Simulation Time:  88.19443 s
 Time Step:   21300, Simulation Time:  88.52282 s
 Time Step:   21400, Simulation Time:  88.85122 s
 Time Step:   21500, Simulation Time:  89.16613 s
 Time Step:   21600, Simulation Time:  89.47929 s
 Time Step:   21700, Simulation Time:  89.80801 s
 Time Step:   21800, Simulation Time:  90.12449 s
 Time Step:   21900, Simulation Time:  90.43723 s
 Time Step:   22000, Simulation Time:  90.75232 s
 Time Step:   22100, Simulation Time:  91.06403 s
 Time Step:   22200, Simulation Time:  91.38032 s
 Time Step:   22300, Simulation Time:  91.70801 s
 Time Step:   22400, Simulation Time:  92.00452 s
 Time Step:   22500, Simulation Time:  92.31707 s
 Time Step:   22600, Simulation Time:  92.63690 s
 Time Step:   22700, Simulation Time:  92.95225 s
 Time Step:   22800, Simulation Time:  93.27417 s
 Time Step:   22900, Simulation Time:  93.58561 s
 Time Step:   23000, Simulation Time:  93.88825 s
 Time Step:   23100, Simulation Time:  94.20657 s
 Time Step:   23200, Simulation Time:  94.52217 s
 Time Step:   23300, Simulation Time:  94.85204 s
 Time Step:   23400, Simulation Time:  95.18735 s
 Time Step:   23500, Simulation Time:  95.50678 s
 Time Step:   23600, Simulation Time:  95.84429 s
 Time Step:   23700, Simulation Time:  96.16509 s
 Time Step:   23800, Simulation Time:  96.49419 s
 Time Step:   23900, Simulation Time:  96.81460 s
 Time Step:   24000, Simulation Time:  97.13555 s
 Time Step:   24100, Simulation Time:  97.47577 s
 Time Step:   24200, Simulation Time:  97.79761 s
 Time Step:   24300, Simulation Time:  98.13311 s
 Time Step:   24400, Simulation Time:  98.44450 s
 Time Step:   24500, Simulation Time:  98.76825 s
 Time Step:   24600, Simulation Time:  99.09287 s
 Time Step:   24700, Simulation Time:  99.40723 s
 Time Step:   24800, Simulation Time:  99.72278 s
 Time Step:   24900, Simulation Time: 100.03067 s
 Time Step:   25000, Simulation Time: 100.36075 s
 Time Step:   25100, Simulation Time: 100.68176 s
 Time Step:   25200, Simulation Time: 101.00461 s
 Time Step:   25300, Simulation Time: 101.32363 s
 Time Step:   25400, Simulation Time: 101.64536 s
 Time Step:   25500, Simulation Time: 101.95663 s
 Time Step:   25600, Simulation Time: 102.27016 s
 Time Step:   25700, Simulation Time: 102.59666 s
 Time Step:   25800, Simulation Time: 102.91542 s
 Time Step:   25900, Simulation Time: 103.25092 s
 Time Step:   26000, Simulation Time: 103.56660 s
 Time Step:   26100, Simulation Time: 103.87949 s
 Time Step:   26200, Simulation Time: 104.19697 s
 Time Step:   26300, Simulation Time: 104.51154 s
 Time Step:   26400, Simulation Time: 104.83268 s
 Time Step:   26500, Simulation Time: 105.15383 s
 Time Step:   26600, Simulation Time: 105.47497 s
 Time Step:   26700, Simulation Time: 105.80675 s
 Time Step:   26800, Simulation Time: 106.13706 s
 Time Step:   26900, Simulation Time: 106.47119 s
 Time Step:   27000, Simulation Time: 106.78767 s
 Time Step:   27100, Simulation Time: 107.10790 s
 Time Step:   27200, Simulation Time: 107.43764 s
 Time Step:   27300, Simulation Time: 107.76629 s
 Time Step:   27400, Simulation Time: 108.08941 s
 Time Step:   27500, Simulation Time: 108.40485 s
 Time Step:   27600, Simulation Time: 108.72541 s
 Time Step:   27700, Simulation Time: 109.05901 s
 Time Step:   27800, Simulation Time: 109.38227 s
 Time Step:   27900, Simulation Time: 109.71845 s
 Time Step:   28000, Simulation Time: 110.04972 s
 Time Step:   28100, Simulation Time: 110.36926 s
 Time Step:   28200, Simulation Time: 110.69041 s
 Time Step:   28300, Simulation Time: 111.00772 s
 Time Step:   28400, Simulation Time: 111.32189 s
 Time Step:   28500, Simulation Time: 111.65034 s
 Time Step:   28600, Simulation Time: 111.95522 s
 Time Step:   28700, Simulation Time: 112.26144 s
 Time Step:   28800, Simulation Time: 112.57479 s
 Time Step:   28900, Simulation Time: 112.88389 s
 Time Step:   29000, Simulation Time: 113.19467 s
 Time Step:   29100, Simulation Time: 113.50717 s
 Time Step:   29200, Simulation Time: 113.82326 s
 Time Step:   29300, Simulation Time: 114.14233 s
 Time Step:   29400, Simulation Time: 114.46478 s
 Time Step:   29500, Simulation Time: 114.77912 s
 Time Step:   29600, Simulation Time: 115.10217 s
 Time Step:   29700, Simulation Time: 115.40659 s
 Time Step:   29800, Simulation Time: 115.71282 s
 Time Step:   29900, Simulation Time: 116.03554 s
 Time Step:   30000, Simulation Time: 116.34672 s
 Time Step:   30100, Simulation Time: 116.65207 s
 Time Step:   30200, Simulation Time: 116.96147 s
 Time Step:   30300, Simulation Time: 117.27558 s
 Time Step:   30400, Simulation Time: 117.57947 s
 Time Step:   30500, Simulation Time: 117.89279 s
 Time Step:   30600, Simulation Time: 118.20081 s
 Time Step:   30700, Simulation Time: 118.50722 s
 Time Step:   30800, Simulation Time: 118.81762 s
 Time Step:   30900, Simulation Time: 119.12367 s
 Time Step:   31000, Simulation Time: 119.44360 s
 Time Step:   31100, Simulation Time: 119.75582 s
 Time Step:   31200, Simulation Time: 120.06247 s
 Time Step:   31300, Simulation Time: 120.37658 s
 Time Step:   31400, Simulation Time: 120.66877 s
 Time Step:   31500, Simulation Time: 120.98762 s
 Time Step:   31600, Simulation Time: 121.30371 s
 Time Step:   31700, Simulation Time: 121.61910 s
 Time Step:   31800, Simulation Time: 121.93997 s
 Time Step:   31900, Simulation Time: 122.26252 s
 Time Step:   32000, Simulation Time: 122.58506 s
 Time Step:   32100, Simulation Time: 122.90761 s
 Time Step:   32200, Simulation Time: 123.23319 s
 Time Step:   32300, Simulation Time: 123.55738 s
 Time Step:   32400, Simulation Time: 123.87761 s
 Time Step:   32500, Simulation Time: 124.19040 s
 Time Step:   32600, Simulation Time: 124.51024 s
 Time Step:   32700, Simulation Time: 124.81243 s
 Time Step:   32800, Simulation Time: 125.12298 s
 Time Step:   32900, Simulation Time: 125.44642 s
 Time Step:   33000, Simulation Time: 125.75359 s
 Time Step:   33100, Simulation Time: 126.06748 s
 Time Step:   33200, Simulation Time: 126.37705 s
 Time Step:   33300, Simulation Time: 126.70054 s
 Time Step:   33400, Simulation Time: 127.01239 s
 Time Step:   33500, Simulation Time: 127.32570 s
 Time Step:   33600, Simulation Time: 127.63831 s
 Time Step:   33700, Simulation Time: 127.97591 s
 Time Step:   33800, Simulation Time: 128.28856 s
 Time Step:   33900, Simulation Time: 128.60428 s
 Time Step:   34000, Simulation Time: 128.92015 s
 Time Step:   34100, Simulation Time: 129.22888 s
 Time Step:   34200, Simulation Time: 129.54980 s
 Time Step:   34300, Simulation Time: 129.87803 s
 Time Step:   34400, Simulation Time: 130.19073 s
 Time Step:   34500, Simulation Time: 130.50659 s
 Time Step:   34600, Simulation Time: 130.83597 s
 Time Step:   34700, Simulation Time: 131.15570 s
 Time Step:   34800, Simulation Time: 131.47098 s
 Time Step:   34900, Simulation Time: 131.79961 s
 Time Step:   35000, Simulation Time: 132.11121 s
 Time Step:   35100, Simulation Time: 132.43265 s
 Time Step:   35200, Simulation Time: 132.75360 s
 Time Step:   35300, Simulation Time: 133.07454 s
 Time Step:   35400, Simulation Time: 133.39539 s
 Time Step:   35500, Simulation Time: 133.71967 s
 Time Step:   35600, Simulation Time: 134.04396 s
 Time Step:   35700, Simulation Time: 134.38704 s
 Time Step:   35800, Simulation Time: 134.70948 s
 Time Step:   35900, Simulation Time: 135.03049 s
 Time Step:   36000, Simulation Time: 135.34911 s
 Time Step:   36100, Simulation Time: 135.68328 s
 Time Step:   36200, Simulation Time: 136.01413 s
 Time Step:   36300, Simulation Time: 136.33428 s
 Time Step:   36400, Simulation Time: 136.65418 s
 Time Step:   36500, Simulation Time: 136.97493 s
 Time Step:   36600, Simulation Time: 137.30246 s
 Time Step:   36700, Simulation Time: 137.62106 s
 Time Step:   36800, Simulation Time: 137.92894 s
 Time Step:   36900, Simulation Time: 138.23619 s
 Time Step:   37000, Simulation Time: 138.54321 s
 Time Step:   37100, Simulation Time: 138.85343 s
 Time Step:   37200, Simulation Time: 139.16783 s
 Time Step:   37300, Simulation Time: 139.49837 s
 Time Step:   37400, Simulation Time: 139.81376 s
 Time Step:   37500, Simulation Time: 140.13818 s
 Time Step:   37600, Simulation Time: 140.46417 s
 Time Step:   37700, Simulation Time: 140.79016 s
 Time Step:   37800, Simulation Time: 141.10836 s
 Time Step:   37900, Simulation Time: 141.44027 s
 Time Step:   38000, Simulation Time: 141.77508 s
 Time Step:   38100, Simulation Time: 142.10854 s
 Time Step:   38200, Simulation Time: 142.44200 s
 Time Step:   38300, Simulation Time: 142.76657 s
 Time Step:   38400, Simulation Time: 143.08161 s
 Time Step:   38500, Simulation Time: 143.40785 s
 Time Step:   38600, Simulation Time: 143.72238 s
 Time Step:   38700, Simulation Time: 144.03493 s
 Time Step:   38800, Simulation Time: 144.35938 s
 Time Step:   38900, Simulation Time: 144.66874 s
 Time Step:   39000, Simulation Time: 144.97681 s
 Time Step:   39100, Simulation Time: 145.30080 s
 Time Step:   39200, Simulation Time: 145.62950 s
 Time Step:   39300, Simulation Time: 145.95135 s
 Time Step:   39400, Simulation Time: 146.27242 s
 Time Step:   39500, Simulation Time: 146.58769 s
 Time Step:   39600, Simulation Time: 146.89277 s
 Time Step:   39700, Simulation Time: 147.20866 s
 Time Step:   39800, Simulation Time: 147.52815 s
 Time Step:   39900, Simulation Time: 147.85035 s
 Time Step:   40000, Simulation Time: 148.16631 s
 Time Step:   40100, Simulation Time: 148.48770 s
 Time Step:   40200, Simulation Time: 148.80319 s
 Time Step:   40300, Simulation Time: 149.14238 s
 Time Step:   40400, Simulation Time: 149.45057 s
 Time Step:   40500, Simulation Time: 149.75967 s
 Time Step:   40600, Simulation Time: 150.06248 s
 Time Step:   40700, Simulation Time: 150.37974 s
 Time Step:   40800, Simulation Time: 150.69501 s
 Time Step:   40900, Simulation Time: 151.01297 s
 Time Step:   41000, Simulation Time: 151.33071 s
 Time Step:   41100, Simulation Time: 151.64360 s
 Time Step:   41200, Simulation Time: 151.94665 s
 Time Step:   41300, Simulation Time: 152.28196 s
 Time Step:   41400, Simulation Time: 152.60413 s
 Time Step:   41500, Simulation Time: 152.92067 s
 Time Step:   41600, Simulation Time: 153.24502 s
 Time Step:   41700, Simulation Time: 153.55513 s
 Time Step:   41800, Simulation Time: 153.87605 s
 Time Step:   41900, Simulation Time: 154.20283 s
 Time Step:   42000, Simulation Time: 154.50880 s
 Time Step:   42100, Simulation Time: 154.83392 s
 Time Step:   42200, Simulation Time: 155.15629 s
 Time Step:   42300, Simulation Time: 155.47261 s
 Time Step:   42400, Simulation Time: 155.81594 s
 Time Step:   42500, Simulation Time: 156.13962 s
 Time Step:   42600, Simulation Time: 156.45544 s
 Time Step:   42700, Simulation Time: 156.77228 s
 Time Step:   42800, Simulation Time: 157.08708 s
 Time Step:   42900, Simulation Time: 157.41220 s
 Time Step:   43000, Simulation Time: 157.73175 s
 Time Step:   43100, Simulation Time: 158.05363 s
 Time Step:   43200, Simulation Time: 158.37552 s
 Time Step:   43300, Simulation Time: 158.69380 s
 Time Step:   43400, Simulation Time: 159.03475 s
 Time Step:   43500, Simulation Time: 159.36218 s
 Time Step:   43600, Simulation Time: 159.68638 s
 Time Step:   43700, Simulation Time: 160.01321 s
 Time Step:   43800, Simulation Time: 160.31488 s
 Time Step:   43900, Simulation Time: 160.64099 s
 Time Step:   44000, Simulation Time: 160.94753 s
 Time Step:   44100, Simulation Time: 161.26579 s
 Time Step:   44200, Simulation Time: 161.57810 s
 Time Step:   44300, Simulation Time: 161.89325 s
 Time Step:   44400, Simulation Time: 162.21309 s
 Time Step:   44500, Simulation Time: 162.53090 s
 Time Step:   44600, Simulation Time: 162.85354 s
 Time Step:   44700, Simulation Time: 163.15451 s
 Time Step:   44800, Simulation Time: 163.46568 s
 Time Step:   44900, Simulation Time: 163.77455 s
 Time Step:   45000, Simulation Time: 164.09047 s
 Time Step:   45100, Simulation Time: 164.42003 s
 Time Step:   45200, Simulation Time: 164.74131 s
 Time Step:   45300, Simulation Time: 165.06671 s
 Time Step:   45400, Simulation Time: 165.37882 s
 Time Step:   45500, Simulation Time: 165.69471 s
 Time Step:   45600, Simulation Time: 166.01165 s
 Time Step:   45700, Simulation Time: 166.34345 s
 Time Step:   45800, Simulation Time: 166.66966 s
 Time Step:   45900, Simulation Time: 166.99455 s
 Time Step:   46000, Simulation Time: 167.32619 s
 Time Step:   46100, Simulation Time: 167.65472 s
 Time Step:   46200, Simulation Time: 167.97402 s
 Time Step:   46300, Simulation Time: 168.30175 s
 Time Step:   46400, Simulation Time: 168.61465 s
 Time Step:   46500, Simulation Time: 168.94587 s
 Time Step:   46600, Simulation Time: 169.24613 s
 Time Step:   46700, Simulation Time: 169.55463 s
 Time Step:   46800, Simulation Time: 169.87177 s
 Time Step:   46900, Simulation Time: 170.18840 s
 Time Step:   47000, Simulation Time: 170.49635 s
 Time Step:   47100, Simulation Time: 170.79429 s
 Time Step:   47200, Simulation Time: 171.09397 s
 Time Step:   47300, Simulation Time: 171.42780 s
 Time Step:   47400, Simulation Time: 171.73844 s
 Time Step:   47500, Simulation Time: 172.05529 s
 Time Step:   47600, Simulation Time: 172.36759 s
 Time Step:   47700, Simulation Time: 172.69547 s
 Time Step:   47800, Simulation Time: 173.02055 s
 Time Step:   47900, Simulation Time: 173.33055 s
 Time Step:   48000, Simulation Time: 173.64680 s
 Time Step:   48100, Simulation Time: 173.96363 s
 Time Step:   48200, Simulation Time: 174.27987 s
 Time Step:   48300, Simulation Time: 174.60871 s
 Time Step:   48400, Simulation Time: 174.92928 s
 Time Step:   48500, Simulation Time: 175.24881 s
 Time Step:   48600, Simulation Time: 175.57075 s
 Time Step:   48700, Simulation Time: 175.89261 s
 Time Step:   48800, Simulation Time: 176.21406 s
 Time Step:   48900, Simulation Time: 176.54106 s
 Time Step:   49000, Simulation Time: 176.85965 s
 Time Step:   49100, Simulation Time: 177.16365 s
 Time Step:   49200, Simulation Time: 177.47895 s
 Time Step:   49300, Simulation Time: 177.80259 s
 Time Step:   49400, Simulation Time: 178.11835 s
 Time Step:   49500, Simulation Time: 178.43777 s
 Time Step:   49600, Simulation Time: 178.75076 s
 Time Step:   49700, Simulation Time: 179.07095 s
 Time Step:   49800, Simulation Time: 179.38069 s
 Time Step:   49900, Simulation Time: 179.69177 s
 Time Step:   50000, Simulation Time: 179.99783 s
 Time Step:   50100, Simulation Time: 180.33059 s
 Time Step:   50200, Simulation Time: 180.64457 s
 Time Step:   50300, Simulation Time: 180.95752 s
 Time Step:   50400, Simulation Time: 181.28769 s
 Time Step:   50500, Simulation Time: 181.61078 s
 Time Step:   50600, Simulation Time: 181.94529 s
 Time Step:   50700, Simulation Time: 182.25990 s
 Time Step:   50800, Simulation Time: 182.57981 s
 Time Step:   50900, Simulation Time: 182.89342 s
 Time Step:   51000, Simulation Time: 183.23072 s
 Time Step:   51100, Simulation Time: 183.55053 s
 Time Step:   51200, Simulation Time: 183.85359 s
 Time Step:   51300, Simulation Time: 184.17011 s
 Time Step:   51400, Simulation Time: 184.49288 s
 Time Step:   51500, Simulation Time: 184.82503 s
 Time Step:   51600, Simulation Time: 185.14327 s
 Time Step:   51700, Simulation Time: 185.45894 s
 Time Step:   51800, Simulation Time: 185.77384 s
 Time Step:   51900, Simulation Time: 186.09163 s
 Time Step:   52000, Simulation Time: 186.40764 s
 Time Step:   52100, Simulation Time: 186.72850 s
 Time Step:   52200, Simulation Time: 187.05898 s
 Time Step:   52300, Simulation Time: 187.37877 s
 Time Step:   52400, Simulation Time: 187.68794 s
 Time Step:   52500, Simulation Time: 188.00669 s
 Time Step:   52600, Simulation Time: 188.31769 s
 Time Step:   52700, Simulation Time: 188.62700 s
 Time Step:   52800, Simulation Time: 188.93263 s
 Time Step:   52900, Simulation Time: 189.25178 s
 Time Step:   53000, Simulation Time: 189.58585 s
 Time Step:   53100, Simulation Time: 189.90379 s
 Time Step:   53200, Simulation Time: 190.23441 s
 Time Step:   53300, Simulation Time: 190.55190 s
 Time Step:   53400, Simulation Time: 190.85510 s
 Time Step:   53500, Simulation Time: 191.15458 s
 Time Step:   53600, Simulation Time: 191.46694 s
 Time Step:   53700, Simulation Time: 191.77929 s
 Time Step:   53800, Simulation Time: 192.08479 s
 Time Step:   53900, Simulation Time: 192.38850 s
 Time Step:   54000, Simulation Time: 192.69248 s
 Time Step:   54100, Simulation Time: 193.00834 s
 Time Step:   54200, Simulation Time: 193.32775 s
 Time Step:   54300, Simulation Time: 193.65209 s
 Time Step:   54400, Simulation Time: 193.94836 s
 Time Step:   54500, Simulation Time: 194.26946 s
 Time Step:   54600, Simulation Time: 194.59506 s
 Time Step:   54700, Simulation Time: 194.92066 s
 Time Step:   54800, Simulation Time: 195.22058 s
 Time Step:   54900, Simulation Time: 195.52644 s
 Time Step:   55000, Simulation Time: 195.82759 s
 Time Step:   55100, Simulation Time: 196.12672 s
 Time Step:   55200, Simulation Time: 196.41758 s
 Time Step:   55300, Simulation Time: 196.72785 s
 Time Step:   55400, Simulation Time: 197.03328 s
 Time Step:   55500, Simulation Time: 197.34779 s
 Time Step:   55600, Simulation Time: 197.65678 s
 Time Step:   55700, Simulation Time: 197.97495 s
 Time Step:   55800, Simulation Time: 198.29135 s
 Time Step:   55900, Simulation Time: 198.61208 s
 Time Step:   56000, Simulation Time: 198.93095 s
 Time Step:   56100, Simulation Time: 199.24983 s
 Time Step:   56200, Simulation Time: 199.55568 s
 Time Step:   56300, Simulation Time: 199.86141 s
 Time Step:   56400, Simulation Time: 200.16823 s
 Time Step:   56500, Simulation Time: 200.48105 s
 Time Step:   56600, Simulation Time: 200.80968 s
 Time Step:   56700, Simulation Time: 201.12331 s
 Time Step:   56800, Simulation Time: 201.43751 s
 Time Step:   56900, Simulation Time: 201.74214 s
 Time Step:   57000, Simulation Time: 202.04652 s
 Time Step:   57100, Simulation Time: 202.35270 s
 Time Step:   57200, Simulation Time: 202.65167 s
 Time Step:   57300, Simulation Time: 202.95928 s
 Time Step:   57400, Simulation Time: 203.25499 s
 Time Step:   57500, Simulation Time: 203.55604 s
 Time Step:   57600, Simulation Time: 203.86394 s
 Time Step:   57700, Simulation Time: 204.16767 s
 Time Step:   57800, Simulation Time: 204.46876 s
 Time Step:   57900, Simulation Time: 204.78991 s
 Time Step:   58000, Simulation Time: 205.09950 s
 Time Step:   58100, Simulation Time: 205.40031 s
 Time Step:   58200, Simulation Time: 205.70311 s
 Time Step:   58300, Simulation Time: 206.00400 s
 Time Step:   58400, Simulation Time: 206.31584 s
 Time Step:   58500, Simulation Time: 206.60957 s
 Time Step:   58600, Simulation Time: 206.91623 s
 Time Step:   58700, Simulation Time: 207.22137 s
 Time Step:   58800, Simulation Time: 207.52960 s
 Time Step:   58900, Simulation Time: 207.85910 s
 Time Step:   59000, Simulation Time: 208.16682 s
 Time Step:   59100, Simulation Time: 208.48335 s
 Time Step:   59200, Simulation Time: 208.80346 s
 Time Step:   59300, Simulation Time: 209.11037 s
 Time Step:   59400, Simulation Time: 209.44297 s
 Time Step:   59500, Simulation Time: 209.77366 s
 Time Step:   59600, Simulation Time: 210.09669 s
 Time Step:   59700, Simulation Time: 210.41496 s
 Time Step:   59800, Simulation Time: 210.73088 s
 Time Step:   59900, Simulation Time: 211.03824 s
 Time Step:   60000, Simulation Time: 211.32570 s
 Time Step:   60100, Simulation Time: 211.63068 s
 Time Step:   60200, Simulation Time: 211.94096 s
 Time Step:   60300, Simulation Time: 212.26523 s
 Time Step:   60400, Simulation Time: 212.59247 s
 Time Step:   60500, Simulation Time: 212.91258 s
 Time Step:   60600, Simulation Time: 213.22476 s
 Time Step:   60700, Simulation Time: 213.53676 s
 Time Step:   60800, Simulation Time: 213.85426 s
 Time Step:   60900, Simulation Time: 214.16421 s
 Time Step:   61000, Simulation Time: 214.48799 s
 Time Step:   61100, Simulation Time: 214.80186 s
 Time Step:   61200, Simulation Time: 215.12696 s
 Time Step:   61300, Simulation Time: 215.43160 s
 Time Step:   61400, Simulation Time: 215.74926 s
 Time Step:   61500, Simulation Time: 216.05829 s
 Time Step:   61600, Simulation Time: 216.36757 s
 Time Step:   61700, Simulation Time: 216.69627 s
 Time Step:   61800, Simulation Time: 217.00585 s
 Time Step:   61900, Simulation Time: 217.31167 s
 Time Step:   62000, Simulation Time: 217.64157 s
 Time Step:   62100, Simulation Time: 217.95786 s
 Time Step:   62200, Simulation Time: 218.26980 s
 Time Step:   62300, Simulation Time: 218.57624 s
 Time Step:   62400, Simulation Time: 218.89701 s
 Time Step:   62500, Simulation Time: 219.20616 s
 Time Step:   62600, Simulation Time: 219.50749 s
 Time Step:   62700, Simulation Time: 219.81566 s
 Time Step:   62800, Simulation Time: 220.12752 s
 Time Step:   62900, Simulation Time: 220.44133 s
 Time Step:   63000, Simulation Time: 220.76047 s
 Time Step:   63100, Simulation Time: 221.07482 s
 Time Step:   63200, Simulation Time: 221.38836 s
 Time Step:   63300, Simulation Time: 221.71504 s
 Time Step:   63400, Simulation Time: 222.03613 s
 Time Step:   63500, Simulation Time: 222.35407 s
 Time Step:   63600, Simulation Time: 222.67160 s
 Time Step:   63700, Simulation Time: 222.97147 s
 Time Step:   63800, Simulation Time: 223.28829 s
 Time Step:   63900, Simulation Time: 223.59899 s
 Time Step:   64000, Simulation Time: 223.90647 s
 Time Step:   64100, Simulation Time: 224.21118 s
 Time Step:   64200, Simulation Time: 224.52700 s
 Time Step:   64300, Simulation Time: 224.83065 s
 Time Step:   64400, Simulation Time: 225.14246 s
 Time Step:   64500, Simulation Time: 225.44802 s
 Time Step:   64600, Simulation Time: 225.75166 s
 Time Step:   64700, Simulation Time: 226.06935 s
 Time Step:   64800, Simulation Time: 226.38463 s
 Time Step:   64900, Simulation Time: 226.70444 s
 Time Step:   65000, Simulation Time: 227.02995 s
 Time Step:   65100, Simulation Time: 227.34754 s
 Time Step:   65200, Simulation Time: 227.64818 s
 Time Step:   65300, Simulation Time: 227.97108 s
 Time Step:   65400, Simulation Time: 228.28805 s
 Time Step:   65500, Simulation Time: 228.61205 s
 Time Step:   65600, Simulation Time: 228.91889 s
 Time Step:   65700, Simulation Time: 229.22647 s
 Time Step:   65800, Simulation Time: 229.53762 s
 Time Step:   65900, Simulation Time: 229.84684 s
 Time Step:   66000, Simulation Time: 230.15358 s
 Time Step:   66100, Simulation Time: 230.47023 s
 Time Step:   66200, Simulation Time: 230.78109 s
 Time Step:   66300, Simulation Time: 231.09932 s
 Time Step:   66400, Simulation Time: 231.41421 s
 Time Step:   66500, Simulation Time: 231.72453 s
 Time Step:   66600, Simulation Time: 232.04379 s
 Time Step:   66700, Simulation Time: 232.36491 s
 Time Step:   66800, Simulation Time: 232.68603 s
 Time Step:   66900, Simulation Time: 233.00646 s
 Time Step:   67000, Simulation Time: 233.30001 s
 Time Step:   67100, Simulation Time: 233.59142 s
 Time Step:   67200, Simulation Time: 233.88907 s
 Time Step:   67300, Simulation Time: 234.18842 s
 Time Step:   67400, Simulation Time: 234.48660 s
 Time Step:   67500, Simulation Time: 234.78617 s
 Time Step:   67600, Simulation Time: 235.10656 s
 Time Step:   67700, Simulation Time: 235.42093 s
 Time Step:   67800, Simulation Time: 235.72963 s
 Time Step:   67900, Simulation Time: 236.02837 s
 Time Step:   68000, Simulation Time: 236.33944 s
 Time Step:   68100, Simulation Time: 236.64217 s
 Time Step:   68200, Simulation Time: 236.93963 s
 Time Step:   68300, Simulation Time: 237.23999 s
 Time Step:   68400, Simulation Time: 237.53745 s
 Time Step:   68500, Simulation Time: 237.82796 s
 Time Step:   68600, Simulation Time: 238.12226 s
 Time Step:   68700, Simulation Time: 238.42041 s
 Time Step:   68800, Simulation Time: 238.73168 s
 Time Step:   68900, Simulation Time: 239.02269 s
 Time Step:   69000, Simulation Time: 239.31434 s
 Time Step:   69100, Simulation Time: 239.62491 s
 Time Step:   69200, Simulation Time: 239.93318 s
 Time Step:   69300, Simulation Time: 240.24655 s
 Time Step:   69400, Simulation Time: 240.55948 s
 Time Step:   69500, Simulation Time: 240.86636 s
 Time Step:   69600, Simulation Time: 241.17699 s
 Time Step:   69700, Simulation Time: 241.48631 s
 Time Step:   69800, Simulation Time: 241.78859 s
 Time Step:   69900, Simulation Time: 242.09897 s
 Time Step:   70000, Simulation Time: 242.40984 s
 Time Step:   70100, Simulation Time: 242.73256 s
 Time Step:   70200, Simulation Time: 243.04992 s
 Time Step:   70300, Simulation Time: 243.38356 s
 Time Step:   70400, Simulation Time: 243.71605 s
 Time Step:   70500, Simulation Time: 244.03378 s
 Time Step:   70600, Simulation Time: 244.34329 s
 Time Step:   70700, Simulation Time: 244.64869 s
 Time Step:   70800, Simulation Time: 244.95356 s
 Time Step:   70900, Simulation Time: 245.26537 s
 Time Step:   71000, Simulation Time: 245.58477 s
 Time Step:   71100, Simulation Time: 245.90476 s
 Time Step:   71200, Simulation Time: 246.21975 s
 Time Step:   71300, Simulation Time: 246.51966 s
 Time Step:   71400, Simulation Time: 246.82035 s
 Time Step:   71500, Simulation Time: 247.13050 s
 Time Step:   71600, Simulation Time: 247.44330 s
 Time Step:   71700, Simulation Time: 247.74873 s
 Time Step:   71800, Simulation Time: 248.06110 s
 Time Step:   71900, Simulation Time: 248.37758 s
 Time Step:   72000, Simulation Time: 248.68780 s
 Time Step:   72100, Simulation Time: 248.99617 s
 Time Step:   72200, Simulation Time: 249.30488 s
 Time Step:   72300, Simulation Time: 249.60743 s
 Time Step:   72400, Simulation Time: 249.91973 s
 Time Step:   72500, Simulation Time: 250.23479 s
 Time Step:   72600, Simulation Time: 250.54616 s
 Time Step:   72700, Simulation Time: 250.86233 s
 Time Step:   72800, Simulation Time: 251.17811 s
 Time Step:   72900, Simulation Time: 251.51721 s
 Time Step:   73000, Simulation Time: 251.82838 s
 Time Step:   73100, Simulation Time: 252.12591 s
 Time Step:   73200, Simulation Time: 252.45055 s
 Time Step:   73300, Simulation Time: 252.78014 s
 Time Step:   73400, Simulation Time: 253.08352 s
 Time Step:   73500, Simulation Time: 253.38197 s
 Time Step:   73600, Simulation Time: 253.67825 s
 Time Step:   73700, Simulation Time: 253.99438 s
 Time Step:   73800, Simulation Time: 254.29931 s
 Time Step:   73900, Simulation Time: 254.60809 s
 Time Step:   74000, Simulation Time: 254.91017 s
 Time Step:   74100, Simulation Time: 255.22285 s
 Time Step:   74200, Simulation Time: 255.53606 s
 Time Step:   74300, Simulation Time: 255.84691 s
 Time Step:   74400, Simulation Time: 256.15813 s
 Time Step:   74500, Simulation Time: 256.46681 s
 Time Step:   74600, Simulation Time: 256.77953 s
 Time Step:   74700, Simulation Time: 257.08569 s
 Time Step:   74800, Simulation Time: 257.38472 s
 Time Step:   74900, Simulation Time: 257.69404 s
 Time Step:   75000, Simulation Time: 257.99945 s
 Time Step:   75100, Simulation Time: 258.29940 s
 Time Step:   75200, Simulation Time: 258.60740 s
 Time Step:   75300, Simulation Time: 258.90847 s
 Time Step:   75400, Simulation Time: 259.22177 s
 Time Step:   75500, Simulation Time: 259.55802 s
 Time Step:   75600, Simulation Time: 259.87841 s
 Time Step:   75700, Simulation Time: 260.19393 s
 Time Step:   75800, Simulation Time: 260.50908 s
 Time Step:   75900, Simulation Time: 260.81984 s
 Time Step:   76000, Simulation Time: 261.11837 s
 Time Step:   76073, Simulation Time: 261.33245 s
 Time Step:   76074, Simulation Time: 261.33552 s
 Time Step:   76075, Simulation Time: 261.33858 s
 Time Step:   76076, Simulation Time: 261.34196 s
 Time Step:   76077, Simulation Time: 261.34498 s
 Time Step:   76078, Simulation Time: 261.34800 s
 Time Step:   76079, Simulation Time: 261.35102 s
 Time Step:   76080, Simulation Time: 261.35404 s

STOP: FDS stopped by user (CHID: v4_preheat)
